<?xml version="1.0" encoding="UTF-8"?>
<TestRun id="18aaa0d2-1e6f-4b95-ab6a-444483bb2616" name="ashok.majumder@CHELT0304 2014-12-25 20:12:12" runUser="CORP\ashok.majumder" xmlns="http://microsoft.com/schemas/VisualStudio/TeamTest/2010">
  <TestSettings name="Local" id="c17585ab-bac9-4721-bb24-d025c851577c">
    <Description>These are default test settings for a local test run.</Description>
    <Deployment enabled="false" runDeploymentRoot="ashok.majumder_CHELT0304 2014-12-25 20_12_12">
      <DeploymentItem filename="C:\Users\ashok.majumder\Documents\CodingTest\TestFramework\bin\Debug\TestFramework.dll" />
    </Deployment>
    <Execution>
      <TestTypeSpecific />
      <AgentRule name="Execution Agents">
      </AgentRule>
    </Execution>
  </TestSettings>
  <Times creation="2014-12-25T20:12:12.8242343+05:30" queuing="2014-12-25T20:12:12.9673380+05:30" start="2014-12-25T20:12:13.0043626+05:30" finish="2014-12-25T20:13:20.0274084+05:30" />
  <ResultSummary outcome="Completed">
    <Counters total="8" executed="8" passed="8" error="0" failed="0" timeout="0" aborted="0" inconclusive="0" passedButRunAborted="0" notRunnable="0" notExecuted="0" disconnected="0" warning="0" completed="0" inProgress="0" pending="0" />
  </ResultSummary>
  <TestDefinitions>
    <UnitTest name="AddTwoString" storage="c:\users\ashok.majumder\documents\codingtest\tests\bin\debug\tests.dll" id="b923aa96-49be-73b8-6f8c-471c92eff67e">
      <Execution id="0f2de0ed-026d-420f-9265-2f286681b90e" />
      <TestMethod codeBase="C:/Users/ashok.majumder/Documents/CodingTest/Tests/bin/Debug/Tests.DLL" adapterTypeName="Microsoft.VisualStudio.TestTools.TestTypes.Unit.UnitTestAdapter, Microsoft.VisualStudio.QualityTools.Tips.UnitTest.Adapter, Version=10.0.0.0, Culture=neutral, PublicKeyToken=b03f5f7f11d50a3a" className="Tests.ErrorScenarioTests, Tests, Version=1.0.0.0, Culture=neutral, PublicKeyToken=null" name="AddTwoString" />
    </UnitTest>
    <UnitTest name="AddTwoFloatNumber" storage="c:\users\ashok.majumder\documents\codingtest\tests\bin\debug\tests.dll" id="de33f01f-e425-1f82-ca22-d412da9ae163">
      <Execution id="d9446f20-de2a-4396-a591-174648041a81" />
      <TestMethod codeBase="C:/Users/ashok.majumder/Documents/CodingTest/Tests/bin/Debug/Tests.DLL" adapterTypeName="Microsoft.VisualStudio.TestTools.TestTypes.Unit.UnitTestAdapter, Microsoft.VisualStudio.QualityTools.Tips.UnitTest.Adapter, Version=10.0.0.0, Culture=neutral, PublicKeyToken=b03f5f7f11d50a3a" className="Tests.AddTwoNumberTests, Tests, Version=1.0.0.0, Culture=neutral, PublicKeyToken=null" name="AddTwoFloatNumber" />
    </UnitTest>
    <UnitTest name="Able_To_LaunchApplication_In_Firefox" storage="c:\users\ashok.majumder\documents\codingtest\tests\bin\debug\tests.dll" id="1ba2a117-8d69-9453-6aa7-4564e202176b">
      <Execution id="ae297dc6-d9be-46f6-b0ed-35b0d52e6390" />
      <TestMethod codeBase="C:/Users/ashok.majumder/Documents/CodingTest/Tests/bin/Debug/Tests.DLL" adapterTypeName="Microsoft.VisualStudio.TestTools.TestTypes.Unit.UnitTestAdapter, Microsoft.VisualStudio.QualityTools.Tips.UnitTest.Adapter, Version=10.0.0.0, Culture=neutral, PublicKeyToken=b03f5f7f11d50a3a" className="Tests.MultipleBrowserTests, Tests, Version=1.0.0.0, Culture=neutral, PublicKeyToken=null" name="Able_To_LaunchApplication_In_Firefox" />
    </UnitTest>
    <UnitTest name="PerformAddWithOneElement" storage="c:\users\ashok.majumder\documents\codingtest\tests\bin\debug\tests.dll" id="8d64b605-9590-3642-9df4-002fea98941d">
      <Execution id="aa6c84a4-dd1f-4118-8d79-15170c2a8726" />
      <TestMethod codeBase="C:/Users/ashok.majumder/Documents/CodingTest/Tests/bin/Debug/Tests.DLL" adapterTypeName="Microsoft.VisualStudio.TestTools.TestTypes.Unit.UnitTestAdapter, Microsoft.VisualStudio.QualityTools.Tips.UnitTest.Adapter, Version=10.0.0.0, Culture=neutral, PublicKeyToken=b03f5f7f11d50a3a" className="Tests.ErrorScenarioTests, Tests, Version=1.0.0.0, Culture=neutral, PublicKeyToken=null" name="PerformAddWithOneElement" />
    </UnitTest>
    <UnitTest name="Able_To_LaunchApplication_In_Chrome" storage="c:\users\ashok.majumder\documents\codingtest\tests\bin\debug\tests.dll" id="5d87968a-a9ed-539b-f5f0-e74989f63aa5">
      <Execution id="72c8f675-9a98-4f50-b340-dbc00930d539" />
      <TestMethod codeBase="C:/Users/ashok.majumder/Documents/CodingTest/Tests/bin/Debug/Tests.DLL" adapterTypeName="Microsoft.VisualStudio.TestTools.TestTypes.Unit.UnitTestAdapter, Microsoft.VisualStudio.QualityTools.Tips.UnitTest.Adapter, Version=10.0.0.0, Culture=neutral, PublicKeyToken=b03f5f7f11d50a3a" className="Tests.MultipleBrowserTests, Tests, Version=1.0.0.0, Culture=neutral, PublicKeyToken=null" name="Able_To_LaunchApplication_In_Chrome" />
    </UnitTest>
    <UnitTest name="AddTwoInteger" storage="c:\users\ashok.majumder\documents\codingtest\tests\bin\debug\tests.dll" id="ce93fed1-be3d-6ac6-4e57-0a561cca3712">
      <Execution id="1494d5fb-2e01-41ec-a2db-55b173619d91" />
      <TestMethod codeBase="C:/Users/ashok.majumder/Documents/CodingTest/Tests/bin/Debug/Tests.DLL" adapterTypeName="Microsoft.VisualStudio.TestTools.TestTypes.Unit.UnitTestAdapter, Microsoft.VisualStudio.QualityTools.Tips.UnitTest.Adapter, Version=10.0.0.0, Culture=neutral, PublicKeyToken=b03f5f7f11d50a3a" className="Tests.AddTwoNumberTests, Tests, Version=1.0.0.0, Culture=neutral, PublicKeyToken=null" name="AddTwoInteger" />
    </UnitTest>
    <UnitTest name="AddTwoDoubleNumber" storage="c:\users\ashok.majumder\documents\codingtest\tests\bin\debug\tests.dll" id="db269ade-e6c0-aaeb-4e3d-302eb3b507c4">
      <Execution id="e0a46b26-6aed-4cb5-a7da-baca6d7eae15" />
      <TestMethod codeBase="C:/Users/ashok.majumder/Documents/CodingTest/Tests/bin/Debug/Tests.DLL" adapterTypeName="Microsoft.VisualStudio.TestTools.TestTypes.Unit.UnitTestAdapter, Microsoft.VisualStudio.QualityTools.Tips.UnitTest.Adapter, Version=10.0.0.0, Culture=neutral, PublicKeyToken=b03f5f7f11d50a3a" className="Tests.AddTwoNumberTests, Tests, Version=1.0.0.0, Culture=neutral, PublicKeyToken=null" name="AddTwoDoubleNumber" />
    </UnitTest>
    <UnitTest name="AddTwoNumberWhenOperatorMissing" storage="c:\users\ashok.majumder\documents\codingtest\tests\bin\debug\tests.dll" id="f0029f6e-1410-3164-5c51-c844f9266c0d">
      <Execution id="cb1b9498-cea1-42a6-acf7-f17a4ed7b0e7" />
      <TestMethod codeBase="C:/Users/ashok.majumder/Documents/CodingTest/Tests/bin/Debug/Tests.DLL" adapterTypeName="Microsoft.VisualStudio.TestTools.TestTypes.Unit.UnitTestAdapter, Microsoft.VisualStudio.QualityTools.Tips.UnitTest.Adapter, Version=10.0.0.0, Culture=neutral, PublicKeyToken=b03f5f7f11d50a3a" className="Tests.ErrorScenarioTests, Tests, Version=1.0.0.0, Culture=neutral, PublicKeyToken=null" name="AddTwoNumberWhenOperatorMissing" />
    </UnitTest>
  </TestDefinitions>
  <TestLists>
    <TestList name="Results Not in a List" id="8c84fa94-04c1-424b-9868-57a2d4851a1d" />
    <TestList name="All Loaded Results" id="19431567-8539-422a-85d7-44ee4e166bda" />
  </TestLists>
  <TestEntries>
    <TestEntry testId="1ba2a117-8d69-9453-6aa7-4564e202176b" executionId="ae297dc6-d9be-46f6-b0ed-35b0d52e6390" testListId="8c84fa94-04c1-424b-9868-57a2d4851a1d" />
    <TestEntry testId="5d87968a-a9ed-539b-f5f0-e74989f63aa5" executionId="72c8f675-9a98-4f50-b340-dbc00930d539" testListId="8c84fa94-04c1-424b-9868-57a2d4851a1d" />
    <TestEntry testId="8d64b605-9590-3642-9df4-002fea98941d" executionId="aa6c84a4-dd1f-4118-8d79-15170c2a8726" testListId="8c84fa94-04c1-424b-9868-57a2d4851a1d" />
    <TestEntry testId="b923aa96-49be-73b8-6f8c-471c92eff67e" executionId="0f2de0ed-026d-420f-9265-2f286681b90e" testListId="8c84fa94-04c1-424b-9868-57a2d4851a1d" />
    <TestEntry testId="ce93fed1-be3d-6ac6-4e57-0a561cca3712" executionId="1494d5fb-2e01-41ec-a2db-55b173619d91" testListId="8c84fa94-04c1-424b-9868-57a2d4851a1d" />
    <TestEntry testId="db269ade-e6c0-aaeb-4e3d-302eb3b507c4" executionId="e0a46b26-6aed-4cb5-a7da-baca6d7eae15" testListId="8c84fa94-04c1-424b-9868-57a2d4851a1d" />
    <TestEntry testId="de33f01f-e425-1f82-ca22-d412da9ae163" executionId="d9446f20-de2a-4396-a591-174648041a81" testListId="8c84fa94-04c1-424b-9868-57a2d4851a1d" />
    <TestEntry testId="f0029f6e-1410-3164-5c51-c844f9266c0d" executionId="cb1b9498-cea1-42a6-acf7-f17a4ed7b0e7" testListId="8c84fa94-04c1-424b-9868-57a2d4851a1d" />
  </TestEntries>
  <Results>
    <UnitTestResult executionId="ae297dc6-d9be-46f6-b0ed-35b0d52e6390" testId="1ba2a117-8d69-9453-6aa7-4564e202176b" testName="Able_To_LaunchApplication_In_Firefox" computerName="CHELT0304" duration="00:00:11.7644850" startTime="2014-12-25T20:12:13.0123682+05:30" endTime="2014-12-25T20:12:24.9434802+05:30" testType="13cdc9d9-ddb5-4fa4-a97d-d965ccfc6d4b" outcome="Passed" testListId="8c84fa94-04c1-424b-9868-57a2d4851a1d" relativeResultsDirectory="ae297dc6-d9be-46f6-b0ed-35b0d52e6390">
    </UnitTestResult>
    <UnitTestResult executionId="72c8f675-9a98-4f50-b340-dbc00930d539" testId="5d87968a-a9ed-539b-f5f0-e74989f63aa5" testName="Able_To_LaunchApplication_In_Chrome" computerName="CHELT0304" duration="00:00:09.0521236" startTime="2014-12-25T20:12:24.9524575+05:30" endTime="2014-12-25T20:12:34.0154523+05:30" testType="13cdc9d9-ddb5-4fa4-a97d-d965ccfc6d4b" outcome="Passed" testListId="8c84fa94-04c1-424b-9868-57a2d4851a1d" relativeResultsDirectory="72c8f675-9a98-4f50-b340-dbc00930d539">
    </UnitTestResult>
    <UnitTestResult executionId="aa6c84a4-dd1f-4118-8d79-15170c2a8726" testId="8d64b605-9590-3642-9df4-002fea98941d" testName="PerformAddWithOneElement" computerName="CHELT0304" duration="00:00:07.5273016" startTime="2014-12-25T20:12:34.0234580+05:30" endTime="2014-12-25T20:12:41.5583950+05:30" testType="13cdc9d9-ddb5-4fa4-a97d-d965ccfc6d4b" outcome="Passed" testListId="8c84fa94-04c1-424b-9868-57a2d4851a1d" relativeResultsDirectory="aa6c84a4-dd1f-4118-8d79-15170c2a8726">
    </UnitTestResult>
    <UnitTestResult executionId="0f2de0ed-026d-420f-9265-2f286681b90e" testId="b923aa96-49be-73b8-6f8c-471c92eff67e" testName="AddTwoString" computerName="CHELT0304" duration="00:00:07.9754340" startTime="2014-12-25T20:12:41.5633980+05:30" endTime="2014-12-25T20:12:49.5462071+05:30" testType="13cdc9d9-ddb5-4fa4-a97d-d965ccfc6d4b" outcome="Passed" testListId="8c84fa94-04c1-424b-9868-57a2d4851a1d" relativeResultsDirectory="0f2de0ed-026d-420f-9265-2f286681b90e">
    </UnitTestResult>
    <UnitTestResult executionId="1494d5fb-2e01-41ec-a2db-55b173619d91" testId="ce93fed1-be3d-6ac6-4e57-0a561cca3712" testName="AddTwoInteger" computerName="CHELT0304" duration="00:00:07.7767630" startTime="2014-12-25T20:12:49.5542135+05:30" endTime="2014-12-25T20:12:57.3386177+05:30" testType="13cdc9d9-ddb5-4fa4-a97d-d965ccfc6d4b" outcome="Passed" testListId="8c84fa94-04c1-424b-9868-57a2d4851a1d" relativeResultsDirectory="1494d5fb-2e01-41ec-a2db-55b173619d91">
    </UnitTestResult>
    <UnitTestResult executionId="e0a46b26-6aed-4cb5-a7da-baca6d7eae15" testId="db269ade-e6c0-aaeb-4e3d-302eb3b507c4" testName="AddTwoDoubleNumber" computerName="CHELT0304" duration="00:00:07.4047177" startTime="2014-12-25T20:12:57.3456187+05:30" endTime="2014-12-25T20:13:04.7568048+05:30" testType="13cdc9d9-ddb5-4fa4-a97d-d965ccfc6d4b" outcome="Passed" testListId="8c84fa94-04c1-424b-9868-57a2d4851a1d" relativeResultsDirectory="e0a46b26-6aed-4cb5-a7da-baca6d7eae15">
    </UnitTestResult>
    <UnitTestResult executionId="d9446f20-de2a-4396-a591-174648041a81" testId="de33f01f-e425-1f82-ca22-d412da9ae163" testName="AddTwoFloatNumber" computerName="CHELT0304" duration="00:00:08.5666104" startTime="2014-12-25T20:13:04.7648120+05:30" endTime="2014-12-25T20:13:13.3372298+05:30" testType="13cdc9d9-ddb5-4fa4-a97d-d965ccfc6d4b" outcome="Passed" testListId="8c84fa94-04c1-424b-9868-57a2d4851a1d" relativeResultsDirectory="d9446f20-de2a-4396-a591-174648041a81">
    </UnitTestResult>
    <UnitTestResult executionId="cb1b9498-cea1-42a6-acf7-f17a4ed7b0e7" testId="f0029f6e-1410-3164-5c51-c844f9266c0d" testName="AddTwoNumberWhenOperatorMissing" computerName="CHELT0304" duration="00:00:06.6400312" startTime="2014-12-25T20:13:13.3412293+05:30" endTime="2014-12-25T20:13:19.9863790+05:30" testType="13cdc9d9-ddb5-4fa4-a97d-d965ccfc6d4b" outcome="Passed" testListId="8c84fa94-04c1-424b-9868-57a2d4851a1d" relativeResultsDirectory="cb1b9498-cea1-42a6-acf7-f17a4ed7b0e7">
    </UnitTestResult>
  </Results>
</TestRun>