<?xml version="1.0" encoding="UTF-8"?>
<TestRun id="d1e0c90c-3c7a-4b24-aa12-fd4c55e3c56e" name="ashok.majumder@CHELT0304 2014-12-25 18:18:45" runUser="CORP\ashok.majumder" xmlns="http://microsoft.com/schemas/VisualStudio/TeamTest/2010">
  <TestSettings name="Local" id="c17585ab-bac9-4721-bb24-d025c851577c">
    <Description>These are default test settings for a local test run.</Description>
    <Deployment enabled="false" runDeploymentRoot="ashok.majumder_CHELT0304 2014-12-25 18_18_45">
      <DeploymentItem filename="D:\CodingTest\CodingTest\TestFramework\bin\Debug\TestFramework.dll" />
    </Deployment>
    <Execution>
      <TestTypeSpecific />
      <AgentRule name="Execution Agents">
      </AgentRule>
    </Execution>
  </TestSettings>
  <Times creation="2014-12-25T18:18:45.1993019+05:30" queuing="2014-12-25T18:18:45.2143128+05:30" start="2014-12-25T18:18:45.2183156+05:30" finish="2014-12-25T18:19:55.8379308+05:30" />
  <ResultSummary outcome="Completed">
    <Counters total="8" executed="8" passed="8" error="0" failed="0" timeout="0" aborted="0" inconclusive="0" passedButRunAborted="0" notRunnable="0" notExecuted="0" disconnected="0" warning="0" completed="0" inProgress="0" pending="0" />
  </ResultSummary>
  <TestDefinitions>
    <UnitTest name="AddTwoString" storage="d:\codingtest\codingtest\tests\bin\debug\tests.dll" id="b923aa96-49be-73b8-6f8c-471c92eff67e">
      <Execution id="3d2fa77a-c288-43ad-a912-2ca19983a7b2" />
      <TestMethod codeBase="D:/CodingTest/CodingTest/Tests/bin/Debug/Tests.DLL" adapterTypeName="Microsoft.VisualStudio.TestTools.TestTypes.Unit.UnitTestAdapter, Microsoft.VisualStudio.QualityTools.Tips.UnitTest.Adapter, Version=10.0.0.0, Culture=neutral, PublicKeyToken=b03f5f7f11d50a3a" className="Tests.ErrorScenarioTests, Tests, Version=1.0.0.0, Culture=neutral, PublicKeyToken=null" name="AddTwoString" />
    </UnitTest>
    <UnitTest name="AddTwoFloatNumber" storage="d:\codingtest\codingtest\tests\bin\debug\tests.dll" id="de33f01f-e425-1f82-ca22-d412da9ae163">
      <Execution id="62868370-5373-4e98-8bf8-a2723766e070" />
      <TestMethod codeBase="D:/CodingTest/CodingTest/Tests/bin/Debug/Tests.DLL" adapterTypeName="Microsoft.VisualStudio.TestTools.TestTypes.Unit.UnitTestAdapter, Microsoft.VisualStudio.QualityTools.Tips.UnitTest.Adapter, Version=10.0.0.0, Culture=neutral, PublicKeyToken=b03f5f7f11d50a3a" className="Tests.AddTwoNumberTests, Tests, Version=1.0.0.0, Culture=neutral, PublicKeyToken=null" name="AddTwoFloatNumber" />
    </UnitTest>
    <UnitTest name="Able_To_LaunchApplication_In_Firefox" storage="d:\codingtest\codingtest\tests\bin\debug\tests.dll" id="1ba2a117-8d69-9453-6aa7-4564e202176b">
      <Execution id="e9ef73e9-aaa8-4226-a800-209cc2b0419d" />
      <TestMethod codeBase="D:/CodingTest/CodingTest/Tests/bin/Debug/Tests.DLL" adapterTypeName="Microsoft.VisualStudio.TestTools.TestTypes.Unit.UnitTestAdapter, Microsoft.VisualStudio.QualityTools.Tips.UnitTest.Adapter, Version=10.0.0.0, Culture=neutral, PublicKeyToken=b03f5f7f11d50a3a" className="Tests.MultipleBrowserTests, Tests, Version=1.0.0.0, Culture=neutral, PublicKeyToken=null" name="Able_To_LaunchApplication_In_Firefox" />
    </UnitTest>
    <UnitTest name="PerformAddWithOneElement" storage="d:\codingtest\codingtest\tests\bin\debug\tests.dll" id="8d64b605-9590-3642-9df4-002fea98941d">
      <Execution id="aa8d002b-afe1-4bb4-a892-40aea7b00428" />
      <TestMethod codeBase="D:/CodingTest/CodingTest/Tests/bin/Debug/Tests.DLL" adapterTypeName="Microsoft.VisualStudio.TestTools.TestTypes.Unit.UnitTestAdapter, Microsoft.VisualStudio.QualityTools.Tips.UnitTest.Adapter, Version=10.0.0.0, Culture=neutral, PublicKeyToken=b03f5f7f11d50a3a" className="Tests.ErrorScenarioTests, Tests, Version=1.0.0.0, Culture=neutral, PublicKeyToken=null" name="PerformAddWithOneElement" />
    </UnitTest>
    <UnitTest name="Able_To_LaunchApplication_In_Chrome" storage="d:\codingtest\codingtest\tests\bin\debug\tests.dll" id="5d87968a-a9ed-539b-f5f0-e74989f63aa5">
      <Execution id="9b744a22-d4fb-48d8-a27d-3473bf375b20" />
      <TestMethod codeBase="D:/CodingTest/CodingTest/Tests/bin/Debug/Tests.DLL" adapterTypeName="Microsoft.VisualStudio.TestTools.TestTypes.Unit.UnitTestAdapter, Microsoft.VisualStudio.QualityTools.Tips.UnitTest.Adapter, Version=10.0.0.0, Culture=neutral, PublicKeyToken=b03f5f7f11d50a3a" className="Tests.MultipleBrowserTests, Tests, Version=1.0.0.0, Culture=neutral, PublicKeyToken=null" name="Able_To_LaunchApplication_In_Chrome" />
    </UnitTest>
    <UnitTest name="AddTwoInteger" storage="d:\codingtest\codingtest\tests\bin\debug\tests.dll" id="ce93fed1-be3d-6ac6-4e57-0a561cca3712">
      <Execution id="fdff9f2a-101b-4f94-8df2-bb4d84b2afb7" />
      <TestMethod codeBase="D:/CodingTest/CodingTest/Tests/bin/Debug/Tests.DLL" adapterTypeName="Microsoft.VisualStudio.TestTools.TestTypes.Unit.UnitTestAdapter, Microsoft.VisualStudio.QualityTools.Tips.UnitTest.Adapter, Version=10.0.0.0, Culture=neutral, PublicKeyToken=b03f5f7f11d50a3a" className="Tests.AddTwoNumberTests, Tests, Version=1.0.0.0, Culture=neutral, PublicKeyToken=null" name="AddTwoInteger" />
    </UnitTest>
    <UnitTest name="AddTwoDoubleNumber" storage="d:\codingtest\codingtest\tests\bin\debug\tests.dll" id="db269ade-e6c0-aaeb-4e3d-302eb3b507c4">
      <Execution id="ca42c145-a57f-488f-82d2-1e6a061c9e22" />
      <TestMethod codeBase="D:/CodingTest/CodingTest/Tests/bin/Debug/Tests.DLL" adapterTypeName="Microsoft.VisualStudio.TestTools.TestTypes.Unit.UnitTestAdapter, Microsoft.VisualStudio.QualityTools.Tips.UnitTest.Adapter, Version=10.0.0.0, Culture=neutral, PublicKeyToken=b03f5f7f11d50a3a" className="Tests.AddTwoNumberTests, Tests, Version=1.0.0.0, Culture=neutral, PublicKeyToken=null" name="AddTwoDoubleNumber" />
    </UnitTest>
    <UnitTest name="AddTwoNumberWhenOperatorMissing" storage="d:\codingtest\codingtest\tests\bin\debug\tests.dll" id="f0029f6e-1410-3164-5c51-c844f9266c0d">
      <Execution id="cb68e86c-4eee-4f9f-921a-ab50adf5aca4" />
      <TestMethod codeBase="D:/CodingTest/CodingTest/Tests/bin/Debug/Tests.DLL" adapterTypeName="Microsoft.VisualStudio.TestTools.TestTypes.Unit.UnitTestAdapter, Microsoft.VisualStudio.QualityTools.Tips.UnitTest.Adapter, Version=10.0.0.0, Culture=neutral, PublicKeyToken=b03f5f7f11d50a3a" className="Tests.ErrorScenarioTests, Tests, Version=1.0.0.0, Culture=neutral, PublicKeyToken=null" name="AddTwoNumberWhenOperatorMissing" />
    </UnitTest>
  </TestDefinitions>
  <TestLists>
    <TestList name="Results Not in a List" id="8c84fa94-04c1-424b-9868-57a2d4851a1d" />
    <TestList name="All Loaded Results" id="19431567-8539-422a-85d7-44ee4e166bda" />
  </TestLists>
  <TestEntries>
    <TestEntry testId="1ba2a117-8d69-9453-6aa7-4564e202176b" executionId="e9ef73e9-aaa8-4226-a800-209cc2b0419d" testListId="8c84fa94-04c1-424b-9868-57a2d4851a1d" />
    <TestEntry testId="5d87968a-a9ed-539b-f5f0-e74989f63aa5" executionId="9b744a22-d4fb-48d8-a27d-3473bf375b20" testListId="8c84fa94-04c1-424b-9868-57a2d4851a1d" />
    <TestEntry testId="8d64b605-9590-3642-9df4-002fea98941d" executionId="aa8d002b-afe1-4bb4-a892-40aea7b00428" testListId="8c84fa94-04c1-424b-9868-57a2d4851a1d" />
    <TestEntry testId="b923aa96-49be-73b8-6f8c-471c92eff67e" executionId="3d2fa77a-c288-43ad-a912-2ca19983a7b2" testListId="8c84fa94-04c1-424b-9868-57a2d4851a1d" />
    <TestEntry testId="ce93fed1-be3d-6ac6-4e57-0a561cca3712" executionId="fdff9f2a-101b-4f94-8df2-bb4d84b2afb7" testListId="8c84fa94-04c1-424b-9868-57a2d4851a1d" />
    <TestEntry testId="db269ade-e6c0-aaeb-4e3d-302eb3b507c4" executionId="ca42c145-a57f-488f-82d2-1e6a061c9e22" testListId="8c84fa94-04c1-424b-9868-57a2d4851a1d" />
    <TestEntry testId="de33f01f-e425-1f82-ca22-d412da9ae163" executionId="62868370-5373-4e98-8bf8-a2723766e070" testListId="8c84fa94-04c1-424b-9868-57a2d4851a1d" />
    <TestEntry testId="f0029f6e-1410-3164-5c51-c844f9266c0d" executionId="cb68e86c-4eee-4f9f-921a-ab50adf5aca4" testListId="8c84fa94-04c1-424b-9868-57a2d4851a1d" />
  </TestEntries>
  <Results>
    <UnitTestResult executionId="e9ef73e9-aaa8-4226-a800-209cc2b0419d" testId="1ba2a117-8d69-9453-6aa7-4564e202176b" testName="Able_To_LaunchApplication_In_Firefox" computerName="CHELT0304" duration="00:00:14.2688598" startTime="2014-12-25T18:18:45.2913677+05:30" endTime="2014-12-25T18:18:59.7254411+05:30" testType="13cdc9d9-ddb5-4fa4-a97d-d965ccfc6d4b" outcome="Passed" testListId="8c84fa94-04c1-424b-9868-57a2d4851a1d" relativeResultsDirectory="e9ef73e9-aaa8-4226-a800-209cc2b0419d">
    </UnitTestResult>
    <UnitTestResult executionId="9b744a22-d4fb-48d8-a27d-3473bf375b20" testId="5d87968a-a9ed-539b-f5f0-e74989f63aa5" testName="Able_To_LaunchApplication_In_Chrome" computerName="CHELT0304" duration="00:00:09.0386964" startTime="2014-12-25T18:18:59.7334190+05:30" endTime="2014-12-25T18:19:08.7809589+05:30" testType="13cdc9d9-ddb5-4fa4-a97d-d965ccfc6d4b" outcome="Passed" testListId="8c84fa94-04c1-424b-9868-57a2d4851a1d" relativeResultsDirectory="9b744a22-d4fb-48d8-a27d-3473bf375b20">
    </UnitTestResult>
    <UnitTestResult executionId="aa8d002b-afe1-4bb4-a892-40aea7b00428" testId="8d64b605-9590-3642-9df4-002fea98941d" testName="PerformAddWithOneElement" computerName="CHELT0304" duration="00:00:07.8861486" startTime="2014-12-25T18:19:08.7889650+05:30" endTime="2014-12-25T18:19:16.6804701+05:30" testType="13cdc9d9-ddb5-4fa4-a97d-d965ccfc6d4b" outcome="Passed" testListId="8c84fa94-04c1-424b-9868-57a2d4851a1d" relativeResultsDirectory="aa8d002b-afe1-4bb4-a892-40aea7b00428">
    </UnitTestResult>
    <UnitTestResult executionId="3d2fa77a-c288-43ad-a912-2ca19983a7b2" testId="b923aa96-49be-73b8-6f8c-471c92eff67e" testName="AddTwoString" computerName="CHELT0304" duration="00:00:07.8011290" startTime="2014-12-25T18:19:16.6854743+05:30" endTime="2014-12-25T18:19:24.4913809+05:30" testType="13cdc9d9-ddb5-4fa4-a97d-d965ccfc6d4b" outcome="Passed" testListId="8c84fa94-04c1-424b-9868-57a2d4851a1d" relativeResultsDirectory="3d2fa77a-c288-43ad-a912-2ca19983a7b2">
    </UnitTestResult>
    <UnitTestResult executionId="fdff9f2a-101b-4f94-8df2-bb4d84b2afb7" testId="ce93fed1-be3d-6ac6-4e57-0a561cca3712" testName="AddTwoInteger" computerName="CHELT0304" duration="00:00:07.4497282" startTime="2014-12-25T18:19:24.4983868+05:30" endTime="2014-12-25T18:19:31.9564332+05:30" testType="13cdc9d9-ddb5-4fa4-a97d-d965ccfc6d4b" outcome="Passed" testListId="8c84fa94-04c1-424b-9868-57a2d4851a1d" relativeResultsDirectory="fdff9f2a-101b-4f94-8df2-bb4d84b2afb7">
    </UnitTestResult>
    <UnitTestResult executionId="ca42c145-a57f-488f-82d2-1e6a061c9e22" testId="db269ade-e6c0-aaeb-4e3d-302eb3b507c4" testName="AddTwoDoubleNumber" computerName="CHELT0304" duration="00:00:08.0915156" startTime="2014-12-25T18:19:31.9644377+05:30" endTime="2014-12-25T18:19:40.0610397+05:30" testType="13cdc9d9-ddb5-4fa4-a97d-d965ccfc6d4b" outcome="Passed" testListId="8c84fa94-04c1-424b-9868-57a2d4851a1d" relativeResultsDirectory="ca42c145-a57f-488f-82d2-1e6a061c9e22">
    </UnitTestResult>
    <UnitTestResult executionId="62868370-5373-4e98-8bf8-a2723766e070" testId="de33f01f-e425-1f82-ca22-d412da9ae163" testName="AddTwoFloatNumber" computerName="CHELT0304" duration="00:00:07.6999514" startTime="2014-12-25T18:19:40.0640416+05:30" endTime="2014-12-25T18:19:47.7683833+05:30" testType="13cdc9d9-ddb5-4fa4-a97d-d965ccfc6d4b" outcome="Passed" testListId="8c84fa94-04c1-424b-9868-57a2d4851a1d" relativeResultsDirectory="62868370-5373-4e98-8bf8-a2723766e070">
    </UnitTestResult>
    <UnitTestResult executionId="cb68e86c-4eee-4f9f-921a-ab50adf5aca4" testId="f0029f6e-1410-3164-5c51-c844f9266c0d" testName="AddTwoNumberWhenOperatorMissing" computerName="CHELT0304" duration="00:00:08.0095802" startTime="2014-12-25T18:19:47.7743837+05:30" endTime="2014-12-25T18:19:55.7938984+05:30" testType="13cdc9d9-ddb5-4fa4-a97d-d965ccfc6d4b" outcome="Passed" testListId="8c84fa94-04c1-424b-9868-57a2d4851a1d" relativeResultsDirectory="cb68e86c-4eee-4f9f-921a-ab50adf5aca4">
    </UnitTestResult>
  </Results>
</TestRun>