<?xml version="1.0" encoding="UTF-8"?>
<TestRun id="0016b6ad-b8c6-43d5-a050-337f59856161" name="ashok.majumder@CHELT0304 2014-12-25 16:41:57" runUser="CORP\ashok.majumder" xmlns="http://microsoft.com/schemas/VisualStudio/TeamTest/2010">
  <TestSettings name="Local" id="c17585ab-bac9-4721-bb24-d025c851577c">
    <Description>These are default test settings for a local test run.</Description>
    <Deployment enabled="false" runDeploymentRoot="ashok.majumder_CHELT0304 2014-12-25 16_41_57">
      <DeploymentItem filename="D:\CodingTest\CodingTest\TestFramework\bin\Debug\TestFramework.dll" />
    </Deployment>
    <Execution>
      <TestTypeSpecific />
      <AgentRule name="Execution Agents">
      </AgentRule>
    </Execution>
  </TestSettings>
  <Times creation="2014-12-25T16:41:57.5944852+05:30" queuing="2014-12-25T16:41:57.7262369+05:30" start="2014-12-25T16:41:57.7642623+05:30" finish="2014-12-25T16:42:40.3521696+05:30" />
  <ResultSummary outcome="Failed">
    <Counters total="5" executed="5" passed="3" error="0" failed="2" timeout="0" aborted="0" inconclusive="0" passedButRunAborted="0" notRunnable="0" notExecuted="0" disconnected="0" warning="0" completed="0" inProgress="0" pending="0" />
  </ResultSummary>
  <TestDefinitions>
    <UnitTest name="AddTwoInteger" storage="d:\codingtest\codingtest\tests\bin\debug\tests.dll" id="9a20c1b5-5e7f-f1e6-0a25-f6296eb304d5">
      <Execution id="40110273-9bda-4410-868f-ed5cfda7a840" />
      <TestMethod codeBase="D:/CodingTest/CodingTest/Tests/bin/Debug/Tests.DLL" adapterTypeName="Microsoft.VisualStudio.TestTools.TestTypes.Unit.UnitTestAdapter, Microsoft.VisualStudio.QualityTools.Tips.UnitTest.Adapter, Version=10.0.0.0, Culture=neutral, PublicKeyToken=b03f5f7f11d50a3a" className="Tests.CodingTests, Tests, Version=1.0.0.0, Culture=neutral, PublicKeyToken=null" name="AddTwoInteger" />
    </UnitTest>
    <UnitTest name="Able_To_LaunchApplication_In_Chrome" storage="d:\codingtest\codingtest\tests\bin\debug\tests.dll" id="c2a98bfe-7249-2b3d-1309-042004bcc94c">
      <Execution id="063ef9bd-719c-4ebe-8202-a1ebbe887463" />
      <TestMethod codeBase="D:/CodingTest/CodingTest/Tests/bin/Debug/Tests.DLL" adapterTypeName="Microsoft.VisualStudio.TestTools.TestTypes.Unit.UnitTestAdapter, Microsoft.VisualStudio.QualityTools.Tips.UnitTest.Adapter, Version=10.0.0.0, Culture=neutral, PublicKeyToken=b03f5f7f11d50a3a" className="Tests.CodingTests, Tests, Version=1.0.0.0, Culture=neutral, PublicKeyToken=null" name="Able_To_LaunchApplication_In_Chrome" />
    </UnitTest>
    <UnitTest name="AddTwoFloatNumber" storage="d:\codingtest\codingtest\tests\bin\debug\tests.dll" id="75a2aa73-5963-9cff-214a-bcdfc9d448d7">
      <Execution id="504ce27a-0840-4843-9cba-a95924ab9e23" />
      <TestMethod codeBase="D:/CodingTest/CodingTest/Tests/bin/Debug/Tests.DLL" adapterTypeName="Microsoft.VisualStudio.TestTools.TestTypes.Unit.UnitTestAdapter, Microsoft.VisualStudio.QualityTools.Tips.UnitTest.Adapter, Version=10.0.0.0, Culture=neutral, PublicKeyToken=b03f5f7f11d50a3a" className="Tests.CodingTests, Tests, Version=1.0.0.0, Culture=neutral, PublicKeyToken=null" name="AddTwoFloatNumber" />
    </UnitTest>
    <UnitTest name="AddTwoDoubleNumber" storage="d:\codingtest\codingtest\tests\bin\debug\tests.dll" id="771074cc-1157-d121-49ab-2c1c12bfa98f">
      <Execution id="4e51f34d-2257-4f92-8beb-80f8a4cfe639" />
      <TestMethod codeBase="D:/CodingTest/CodingTest/Tests/bin/Debug/Tests.DLL" adapterTypeName="Microsoft.VisualStudio.TestTools.TestTypes.Unit.UnitTestAdapter, Microsoft.VisualStudio.QualityTools.Tips.UnitTest.Adapter, Version=10.0.0.0, Culture=neutral, PublicKeyToken=b03f5f7f11d50a3a" className="Tests.CodingTests, Tests, Version=1.0.0.0, Culture=neutral, PublicKeyToken=null" name="AddTwoDoubleNumber" />
    </UnitTest>
    <UnitTest name="Able_To_LaunchApplication_In_Firefox" storage="d:\codingtest\codingtest\tests\bin\debug\tests.dll" id="e574ea86-ce58-1bc3-18ed-6256a8419ea7">
      <Execution id="f148cc32-621c-43b4-8313-62174b0effe0" />
      <TestMethod codeBase="D:/CodingTest/CodingTest/Tests/bin/Debug/Tests.DLL" adapterTypeName="Microsoft.VisualStudio.TestTools.TestTypes.Unit.UnitTestAdapter, Microsoft.VisualStudio.QualityTools.Tips.UnitTest.Adapter, Version=10.0.0.0, Culture=neutral, PublicKeyToken=b03f5f7f11d50a3a" className="Tests.CodingTests, Tests, Version=1.0.0.0, Culture=neutral, PublicKeyToken=null" name="Able_To_LaunchApplication_In_Firefox" />
    </UnitTest>
  </TestDefinitions>
  <TestLists>
    <TestList name="Results Not in a List" id="8c84fa94-04c1-424b-9868-57a2d4851a1d" />
    <TestList name="All Loaded Results" id="19431567-8539-422a-85d7-44ee4e166bda" />
  </TestLists>
  <TestEntries>
    <TestEntry testId="75a2aa73-5963-9cff-214a-bcdfc9d448d7" executionId="504ce27a-0840-4843-9cba-a95924ab9e23" testListId="8c84fa94-04c1-424b-9868-57a2d4851a1d" />
    <TestEntry testId="771074cc-1157-d121-49ab-2c1c12bfa98f" executionId="4e51f34d-2257-4f92-8beb-80f8a4cfe639" testListId="8c84fa94-04c1-424b-9868-57a2d4851a1d" />
    <TestEntry testId="9a20c1b5-5e7f-f1e6-0a25-f6296eb304d5" executionId="40110273-9bda-4410-868f-ed5cfda7a840" testListId="8c84fa94-04c1-424b-9868-57a2d4851a1d" />
    <TestEntry testId="c2a98bfe-7249-2b3d-1309-042004bcc94c" executionId="063ef9bd-719c-4ebe-8202-a1ebbe887463" testListId="8c84fa94-04c1-424b-9868-57a2d4851a1d" />
    <TestEntry testId="e574ea86-ce58-1bc3-18ed-6256a8419ea7" executionId="f148cc32-621c-43b4-8313-62174b0effe0" testListId="8c84fa94-04c1-424b-9868-57a2d4851a1d" />
  </TestEntries>
  <Results>
    <UnitTestResult executionId="504ce27a-0840-4843-9cba-a95924ab9e23" testId="75a2aa73-5963-9cff-214a-bcdfc9d448d7" testName="AddTwoFloatNumber" computerName="CHELT0304" duration="00:00:07.5151703" startTime="2014-12-25T16:41:57.7722680+05:30" endTime="2014-12-25T16:42:05.4306660+05:30" testType="13cdc9d9-ddb5-4fa4-a97d-d965ccfc6d4b" outcome="Passed" testListId="8c84fa94-04c1-424b-9868-57a2d4851a1d" relativeResultsDirectory="504ce27a-0840-4843-9cba-a95924ab9e23">
    </UnitTestResult>
    <UnitTestResult executionId="4e51f34d-2257-4f92-8beb-80f8a4cfe639" testId="771074cc-1157-d121-49ab-2c1c12bfa98f" testName="AddTwoDoubleNumber" computerName="CHELT0304" duration="00:00:08.7813045" startTime="2014-12-25T16:42:05.4376719+05:30" endTime="2014-12-25T16:42:14.2253510+05:30" testType="13cdc9d9-ddb5-4fa4-a97d-d965ccfc6d4b" outcome="Passed" testListId="8c84fa94-04c1-424b-9868-57a2d4851a1d" relativeResultsDirectory="4e51f34d-2257-4f92-8beb-80f8a4cfe639">
    </UnitTestResult>
    <UnitTestResult executionId="40110273-9bda-4410-868f-ed5cfda7a840" testId="9a20c1b5-5e7f-f1e6-0a25-f6296eb304d5" testName="AddTwoInteger" computerName="CHELT0304" duration="00:00:07.6520637" startTime="2014-12-25T16:42:14.2323561+05:30" endTime="2014-12-25T16:42:21.8894129+05:30" testType="13cdc9d9-ddb5-4fa4-a97d-d965ccfc6d4b" outcome="Passed" testListId="8c84fa94-04c1-424b-9868-57a2d4851a1d" relativeResultsDirectory="40110273-9bda-4410-868f-ed5cfda7a840">
    </UnitTestResult>
    <UnitTestResult executionId="063ef9bd-719c-4ebe-8202-a1ebbe887463" testId="c2a98bfe-7249-2b3d-1309-042004bcc94c" testName="Able_To_LaunchApplication_In_Chrome" computerName="CHELT0304" duration="00:00:07.6261182" startTime="2014-12-25T16:42:21.8944140+05:30" endTime="2014-12-25T16:42:29.5263890+05:30" testType="13cdc9d9-ddb5-4fa4-a97d-d965ccfc6d4b" outcome="Failed" testListId="8c84fa94-04c1-424b-9868-57a2d4851a1d" relativeResultsDirectory="063ef9bd-719c-4ebe-8202-a1ebbe887463">
      <Output>
        <ErrorInfo>
          <Message>Assert.IsTrue failed. </Message>
          <StackTrace>   at Tests.CodingTests.Able_To_LaunchApplication_In_Chrome() in D:\CodingTest\CodingTest\Tests\CodingTests.cs:line 15
</StackTrace>
        </ErrorInfo>
      </Output>
    </UnitTestResult>
    <UnitTestResult executionId="f148cc32-621c-43b4-8313-62174b0effe0" testId="e574ea86-ce58-1bc3-18ed-6256a8419ea7" testName="Able_To_LaunchApplication_In_Firefox" computerName="CHELT0304" duration="00:00:10.7303867" startTime="2014-12-25T16:42:29.5323929+05:30" endTime="2014-12-25T16:42:40.2701128+05:30" testType="13cdc9d9-ddb5-4fa4-a97d-d965ccfc6d4b" outcome="Failed" testListId="8c84fa94-04c1-424b-9868-57a2d4851a1d" relativeResultsDirectory="f148cc32-621c-43b4-8313-62174b0effe0">
      <Output>
        <ErrorInfo>
          <Message>Assert.AreEqual failed. Expected:&lt;5&gt;. Actual:&lt;answer&gt;. </Message>
          <StackTrace>   at Tests.CodingTests.Able_To_LaunchApplication_In_Firefox() in D:\CodingTest\CodingTest\Tests\CodingTests.cs:line 23
</StackTrace>
        </ErrorInfo>
      </Output>
    </UnitTestResult>
  </Results>
</TestRun>